// Jest Snapshot v1, https://goo.gl/fbAQLP

exports[`execute odds endpoint error calls when successfully requesting Therundown API should throw and exception if the response is malformed 1`] = `
Object {
  "error": Object {
    "feedID": "{\\"data\\":{\\"endpoint\\":\\"odds\\",\\"sportId\\":4,\\"date\\":1635529231}}",
    "message": "Unexpected error occured while filtering odds for event: {\\"event_id\\":\\"4d73cc8177b94d4d9e2052fa57ebcf1c\\",\\"event_uuid\\":\\"11ec-384b-28cf0000-823d-cd821c1e16bb\\",\\"score\\":{\\"event_status\\":\\"STATUS_SCHEDULED\\",\\"score_away\\":23,\\"score_home\\":91,\\"winner_away\\":1,\\"winner_home\\":0},\\"teams\\":[{\\"team_id\\":152,\\"team_normalized_id\\":20,\\"is_away\\":true,\\"is_home\\":false},{\\"team_id\\":188,\\"team_normalized_id\\":27,\\"name\\":\\"Houston Rockets\\",\\"is_away\\":false,\\"is_home\\":true}]}. Reason: TypeError: Cannot convert undefined or null to object",
    "name": "AdapterError",
    "url": "https:/therundown-therundown-v1.p.rapidapi.com/sports/4/events/2021-10-29?include=scores&limit=500",
  },
  "jobRunID": "1",
  "status": "errored",
  "statusCode": 200,
}
`;

exports[`execute odds endpoint success calls when successfully requesting Therundown API should return the odds 1`] = `
Object {
  "data": Object {
    "result": Array [
      "0x3564356665363834306161306532613238333566646632343132353233316462fffffffffffffffffffffffffffffffffffffffffffffffffffffffffffe96ac0000000000000000000000000000000000000000000000000000000000011b340000000000000000000000000000000000000000000000000000000000000000",
      "0x3335303465373135643839633437616134343839346231633632633033346134ffffffffffffffffffffffffffffffffffffffffffffffffffffffffffffd6fcffffffffffffffffffffffffffffffffffffffffffffffffffffffffffffd6fc0000000000000000000000000000000000000000000000000000000000000000",
      "0x6237643036343433353932616235326433353930363537326637616433663036ffffffffffffffffffffffffffffffffffffffffffffffffffffffffffffa62800000000000000000000000000000000000000000000000000000000000052080000000000000000000000000000000000000000000000000000000000000000",
    ],
  },
  "jobRunID": "1",
  "providerStatusCode": 200,
  "result": Array [
    "0x3564356665363834306161306532613238333566646632343132353233316462fffffffffffffffffffffffffffffffffffffffffffffffffffffffffffe96ac0000000000000000000000000000000000000000000000000000000000011b340000000000000000000000000000000000000000000000000000000000000000",
    "0x3335303465373135643839633437616134343839346231633632633033346134ffffffffffffffffffffffffffffffffffffffffffffffffffffffffffffd6fcffffffffffffffffffffffffffffffffffffffffffffffffffffffffffffd6fc0000000000000000000000000000000000000000000000000000000000000000",
    "0x6237643036343433353932616235326433353930363537326637616433663036ffffffffffffffffffffffffffffffffffffffffffffffffffffffffffffa62800000000000000000000000000000000000000000000000000000000000052080000000000000000000000000000000000000000000000000000000000000000",
  ],
  "statusCode": 200,
}
`;

exports[`execute shcedule endpoint error calls when successfully requesting Therundown API should throw an exception if a game attribute is malformed while creating market 1`] = `
Object {
  "error": Object {
    "feedID": "{\\"data\\":{\\"endpoint\\":\\"schedule\\",\\"sportId\\":4,\\"date\\":1635529231,\\"market\\":\\"create\\"}}",
    "message": "Missing 'teams_normalized' in event: {\\"event_id\\":\\"4d73cc8177b94d4d9e2052fa57ebcf1c\\",\\"event_uuid\\":\\"11ec-384b-28cf0000-823d-cd821c1e16bb\\",\\"score\\":{\\"event_status\\":\\"STATUS_SCHEDULED\\",\\"score_away\\":23,\\"score_home\\":91,\\"winner_away\\":1,\\"winner_home\\":0},\\"teams\\":[{\\"team_id\\":152,\\"team_normalized_id\\":20,\\"is_away\\":true,\\"is_home\\":false},{\\"team_id\\":188,\\"team_normalized_id\\":27,\\"name\\":\\"Houston Rockets\\",\\"is_away\\":false,\\"is_home\\":true}]}",
    "name": "AdapterError",
    "url": "https:/therundown-therundown-v1.p.rapidapi.com/sports/4/events/2021-10-29?include=scores&limit=500",
  },
  "jobRunID": "1",
  "status": "errored",
  "statusCode": 200,
}
`;

exports[`execute shcedule endpoint error calls when successfully requesting Therundown API should throw an exception if a game attribute is malformed while resolving market 1`] = `
Object {
  "error": Object {
    "feedID": "{\\"data\\":{\\"endpoint\\":\\"schedule\\",\\"sportId\\":4,\\"date\\":1635529231,\\"market\\":\\"resolve\\"}}",
    "message": "'awayScore' is null or undefined: {\\"homeScore\\":91,\\"awayScore\\":null,\\"gameId\\":\\"0x3432656630396566643762313465663961393664363831363738356236316265\\",\\"statusId\\":8}. Event: {\\"event_id\\":\\"42ef09efd7b14ef9a96d6816785b61be\\",\\"event_uuid\\":\\"11ec-384b-28cf0000-823d-cd821c1e16bb\\",\\"score\\":{\\"event_status\\":\\"STATUS_FINAL\\",\\"score_away\\":null,\\"score_home\\":91,\\"winner_away\\":1,\\"winner_home\\":0},\\"teams\\":[{\\"team_id\\":152,\\"team_normalized_id\\":20,\\"is_away\\":true,\\"is_home\\":false},{\\"team_id\\":188,\\"team_normalized_id\\":27,\\"name\\":\\"Houston Rockets\\",\\"is_away\\":false,\\"is_home\\":true}]}",
    "name": "AdapterError",
    "url": "https:/therundown-therundown-v1.p.rapidapi.com/sports/4/events/2021-10-29?include=scores&limit=500",
  },
  "jobRunID": "1",
  "status": "errored",
  "statusCode": 200,
}
`;

exports[`execute shcedule endpoint success calls when successfully requesting Therundown API should return correct endpoint result (case create market) 1`] = `
Object {
  "data": Object {
    "result": Array [
      "0x0000000000000000000000000000000000000000000000000000000000000020356435666536383430616130653261323833356664663234313235323331646200000000000000000000000000000000000000000000000000000000624f6cf0fffffffffffffffffffffffffffffffffffffffffffffffffffffffffffe96ac0000000000000000000000000000000000000000000000000000000000011b34000000000000000000000000000000000000000000000000000000000000000000000000000000000000000000000000000000000000000000000000000000e000000000000000000000000000000000000000000000000000000000000001200000000000000000000000000000000000000000000000000000000000000011436861726c6f74746520486f726e657473000000000000000000000000000000000000000000000000000000000000000000000000000000000000000000000d4f726c616e646f204d6167696300000000000000000000000000000000000000",
      "0x0000000000000000000000000000000000000000000000000000000000000020333530346537313564383963343761613434383934623163363263303334613400000000000000000000000000000000000000000000000000000000624f73f8ffffffffffffffffffffffffffffffffffffffffffffffffffffffffffffd6fcffffffffffffffffffffffffffffffffffffffffffffffffffffffffffffd6fc000000000000000000000000000000000000000000000000000000000000000000000000000000000000000000000000000000000000000000000000000000e00000000000000000000000000000000000000000000000000000000000000120000000000000000000000000000000000000000000000000000000000000000f546f726f6e746f20526170746f7273000000000000000000000000000000000000000000000000000000000000000000000000000000000000000000000000125068696c6164656c706869612037366572730000000000000000000000000000",
      "0x0000000000000000000000000000000000000000000000000000000000000020623764303634343335393261623532643335393036353732663761643366303600000000000000000000000000000000000000000000000000000000624f73f8ffffffffffffffffffffffffffffffffffffffffffffffffffffffffffffa6280000000000000000000000000000000000000000000000000000000000005208000000000000000000000000000000000000000000000000000000000000000000000000000000000000000000000000000000000000000000000000000000e00000000000000000000000000000000000000000000000000000000000000120000000000000000000000000000000000000000000000000000000000000000f4d696c7761756b6565204275636b730000000000000000000000000000000000000000000000000000000000000000000000000000000000000000000000000e426f73746f6e2043656c74696373000000000000000000000000000000000000",
    ],
  },
  "jobRunID": "1",
  "providerStatusCode": 200,
  "result": Array [
    "0x0000000000000000000000000000000000000000000000000000000000000020356435666536383430616130653261323833356664663234313235323331646200000000000000000000000000000000000000000000000000000000624f6cf0fffffffffffffffffffffffffffffffffffffffffffffffffffffffffffe96ac0000000000000000000000000000000000000000000000000000000000011b34000000000000000000000000000000000000000000000000000000000000000000000000000000000000000000000000000000000000000000000000000000e000000000000000000000000000000000000000000000000000000000000001200000000000000000000000000000000000000000000000000000000000000011436861726c6f74746520486f726e657473000000000000000000000000000000000000000000000000000000000000000000000000000000000000000000000d4f726c616e646f204d6167696300000000000000000000000000000000000000",
    "0x0000000000000000000000000000000000000000000000000000000000000020333530346537313564383963343761613434383934623163363263303334613400000000000000000000000000000000000000000000000000000000624f73f8ffffffffffffffffffffffffffffffffffffffffffffffffffffffffffffd6fcffffffffffffffffffffffffffffffffffffffffffffffffffffffffffffd6fc000000000000000000000000000000000000000000000000000000000000000000000000000000000000000000000000000000000000000000000000000000e00000000000000000000000000000000000000000000000000000000000000120000000000000000000000000000000000000000000000000000000000000000f546f726f6e746f20526170746f7273000000000000000000000000000000000000000000000000000000000000000000000000000000000000000000000000125068696c6164656c706869612037366572730000000000000000000000000000",
    "0x0000000000000000000000000000000000000000000000000000000000000020623764303634343335393261623532643335393036353732663761643366303600000000000000000000000000000000000000000000000000000000624f73f8ffffffffffffffffffffffffffffffffffffffffffffffffffffffffffffa6280000000000000000000000000000000000000000000000000000000000005208000000000000000000000000000000000000000000000000000000000000000000000000000000000000000000000000000000000000000000000000000000e00000000000000000000000000000000000000000000000000000000000000120000000000000000000000000000000000000000000000000000000000000000f4d696c7761756b6565204275636b730000000000000000000000000000000000000000000000000000000000000000000000000000000000000000000000000e426f73746f6e2043656c74696373000000000000000000000000000000000000",
  ],
  "statusCode": 200,
}
`;

exports[`execute shcedule endpoint success calls when successfully requesting Therundown API should return correct endpoint result (case resolve market) 1`] = `
Object {
  "data": Object {
    "result": Array [
      "0x3464373363633831373762393464346439653230353266613537656263663163000000000000000000000000000000000000000000000000000000000000005b000000000000000000000000000000000000000000000000000000000000007a0000000000000000000000000000000000000000000000000000000000000008",
    ],
  },
  "jobRunID": "1",
  "providerStatusCode": 200,
  "result": Array [
    "0x3464373363633831373762393464346439653230353266613537656263663163000000000000000000000000000000000000000000000000000000000000005b000000000000000000000000000000000000000000000000000000000000007a0000000000000000000000000000000000000000000000000000000000000008",
  ],
  "statusCode": 200,
}
`;
